/var/spool/slurm/slurmd/job101566/slurm_script: line 12: module: command not found

==========
== CUDA ==
==========

CUDA Version 12.4.1

Container image Copyright (c) 2016-2023, NVIDIA CORPORATION & AFFILIATES. All rights reserved.

This container image and its contents are governed by the NVIDIA Deep Learning Container License.
By pulling and using the container, you accept the terms and conditions of this license:
https://developer.nvidia.com/ngc/nvidia-deep-learning-container-license

A copy of this license is made available in this container at /NGC-DL-CONTAINER-LICENSE for your convenience.

[INFO|2025-11-24 01:03:46] llamafactory.launcher:143 >> Initializing 4 distributed tasks at: 127.0.0.1:57449
W1124 01:03:47.102000 217612 site-packages/torch/distributed/run.py:792] 
W1124 01:03:47.102000 217612 site-packages/torch/distributed/run.py:792] *****************************************
W1124 01:03:47.102000 217612 site-packages/torch/distributed/run.py:792] Setting OMP_NUM_THREADS environment variable for each process to be 1 in default, to avoid your system being overloaded, please further tune the variable for optimal performance in your application as needed. 
W1124 01:03:47.102000 217612 site-packages/torch/distributed/run.py:792] *****************************************
[2025-11-24 01:03:54,968] [INFO] [real_accelerator.py:254:get_accelerator] Setting ds_accelerator to cuda (auto detect)
[2025-11-24 01:03:54,981] [INFO] [real_accelerator.py:254:get_accelerator] Setting ds_accelerator to cuda (auto detect)
[2025-11-24 01:03:55,054] [INFO] [real_accelerator.py:254:get_accelerator] Setting ds_accelerator to cuda (auto detect)
[2025-11-24 01:03:55,494] [INFO] [real_accelerator.py:254:get_accelerator] Setting ds_accelerator to cuda (auto detect)
/opt/conda/lib/python3.11/site-packages/jieba/_compat.py:18: UserWarning: pkg_resources is deprecated as an API. See https://setuptools.pypa.io/en/latest/pkg_resources.html. The pkg_resources package is slated for removal as early as 2025-11-30. Refrain from using this package or pin to Setuptools<81.
  import pkg_resources
/opt/conda/lib/python3.11/site-packages/jieba/_compat.py:18: UserWarning: pkg_resources is deprecated as an API. See https://setuptools.pypa.io/en/latest/pkg_resources.html. The pkg_resources package is slated for removal as early as 2025-11-30. Refrain from using this package or pin to Setuptools<81.
  import pkg_resources
/opt/conda/lib/python3.11/site-packages/jieba/_compat.py:18: UserWarning: pkg_resources is deprecated as an API. See https://setuptools.pypa.io/en/latest/pkg_resources.html. The pkg_resources package is slated for removal as early as 2025-11-30. Refrain from using this package or pin to Setuptools<81.
  import pkg_resources
/opt/conda/lib/python3.11/site-packages/jieba/_compat.py:18: UserWarning: pkg_resources is deprecated as an API. See https://setuptools.pypa.io/en/latest/pkg_resources.html. The pkg_resources package is slated for removal as early as 2025-11-30. Refrain from using this package or pin to Setuptools<81.
  import pkg_resources
[2025-11-24 01:03:58,234] [INFO] [comm.py:669:init_distributed] cdb=None
[2025-11-24 01:03:58,234] [INFO] [comm.py:700:init_distributed] Initializing TorchBackend in DeepSpeed with backend nccl
[2025-11-24 01:03:58,234] [INFO] [comm.py:669:init_distributed] cdb=None
[2025-11-24 01:03:58,234] [INFO] [comm.py:669:init_distributed] cdb=None
[2025-11-24 01:03:58,234] [INFO] [comm.py:669:init_distributed] cdb=None
[INFO|2025-11-24 01:03:58] llamafactory.hparams.parser:143 >> Set `ddp_find_unused_parameters` to False in DDP training since LoRA is enabled.
[INFO|2025-11-24 01:03:58] llamafactory.hparams.parser:423 >> Process rank: 0, world size: 4, device: cuda:0, distributed training: True, compute dtype: torch.bfloat16
[INFO|hub.py:421] 2025-11-24 01:03:58,257 >> Offline mode: forcing local_files_only=True
[INFO|tokenization_auto.py:922] 2025-11-24 01:03:58,257 >> Could not locate the tokenizer configuration file, will try to use the model config instead.
[INFO|hub.py:421] 2025-11-24 01:03:58,257 >> Offline mode: forcing local_files_only=True
[rank0]: Traceback (most recent call last):
[rank0]:   File "/opt/conda/lib/python3.11/site-packages/transformers/utils/hub.py", line 479, in cached_files
[rank0]:     hf_hub_download(
[rank0]:   File "/opt/conda/lib/python3.11/site-packages/huggingface_hub/utils/_validators.py", line 114, in _inner_fn
[rank0]:     return fn(*args, **kwargs)
[rank0]:            ^^^^^^^^^^^^^^^^^^^
[rank0]:   File "/opt/conda/lib/python3.11/site-packages/huggingface_hub/file_download.py", line 1010, in hf_hub_download
[rank0]:     return _hf_hub_download_to_cache_dir(
[rank0]:            ^^^^^^^^^^^^^^^^^^^^^^^^^^^^^^
[rank0]:   File "/opt/conda/lib/python3.11/site-packages/huggingface_hub/file_download.py", line 1117, in _hf_hub_download_to_cache_dir
[rank0]:     _raise_on_head_call_error(head_call_error, force_download, local_files_only)
[rank0]:   File "/opt/conda/lib/python3.11/site-packages/huggingface_hub/file_download.py", line 1649, in _raise_on_head_call_error
[rank0]:     raise LocalEntryNotFoundError(
[rank0]: huggingface_hub.errors.LocalEntryNotFoundError: Cannot find the requested files in the disk cache and outgoing traffic has been disabled. To enable hf.co look-ups and downloads online, set 'local_files_only' to False.

[rank0]: The above exception was the direct cause of the following exception:

[rank0]: Traceback (most recent call last):
[rank0]:   File "/app/src/llamafactory/model/loader.py", line 78, in load_tokenizer
[rank0]:     tokenizer = AutoTokenizer.from_pretrained(
[rank0]:                 ^^^^^^^^^^^^^^^^^^^^^^^^^^^^^^
[rank0]:   File "/opt/conda/lib/python3.11/site-packages/transformers/models/auto/tokenization_auto.py", line 1093, in from_pretrained
[rank0]:     config = AutoConfig.from_pretrained(
[rank0]:              ^^^^^^^^^^^^^^^^^^^^^^^^^^^
[rank0]:   File "/opt/conda/lib/python3.11/site-packages/transformers/models/auto/configuration_auto.py", line 1333, in from_pretrained
[rank0]:     config_dict, unused_kwargs = PretrainedConfig.get_config_dict(pretrained_model_name_or_path, **kwargs)
[rank0]:                                  ^^^^^^^^^^^^^^^^^^^^^^^^^^^^^^^^^^^^^^^^^^^^^^^^^^^^^^^^^^^^^^^^^^^^^^^^^
[rank0]:   File "/opt/conda/lib/python3.11/site-packages/transformers/configuration_utils.py", line 662, in get_config_dict
[rank0]:     config_dict, kwargs = cls._get_config_dict(pretrained_model_name_or_path, **kwargs)
[rank0]:                           ^^^^^^^^^^^^^^^^^^^^^^^^^^^^^^^^^^^^^^^^^^^^^^^^^^^^^^^^^^^^^
[rank0]:   File "/opt/conda/lib/python3.11/site-packages/transformers/configuration_utils.py", line 721, in _get_config_dict
[rank0]:     resolved_config_file = cached_file(
[rank0]:                            ^^^^^^^^^^^^
[rank0]:   File "/opt/conda/lib/python3.11/site-packages/transformers/utils/hub.py", line 322, in cached_file
[rank0]:     file = cached_files(path_or_repo_id=path_or_repo_id, filenames=[filename], **kwargs)
[rank0]:            ^^^^^^^^^^^^^^^^^^^^^^^^^^^^^^^^^^^^^^^^^^^^^^^^^^^^^^^^^^^^^^^^^^^^^^^^^^^^^
[rank0]:   File "/opt/conda/lib/python3.11/site-packages/transformers/utils/hub.py", line 553, in cached_files
[rank0]:     raise OSError(
[rank0]: OSError: We couldn't connect to 'https://huggingface.co' to load the files, and couldn't find them in the cached files.
[rank0]: Check your internet connection or see how to run the library in offline mode at 'https://huggingface.co/docs/transformers/installation#offline-mode'.

[rank0]: The above exception was the direct cause of the following exception:

[rank0]: Traceback (most recent call last):
[rank0]:   File "/app/src/llamafactory/launcher.py", line 180, in <module>
[rank0]:     run_exp()
[rank0]:   File "/app/src/llamafactory/train/tuner.py", line 110, in run_exp
[rank0]:     _training_function(config={"args": args, "callbacks": callbacks})
[rank0]:   File "/app/src/llamafactory/train/tuner.py", line 72, in _training_function
[rank0]:     run_sft(model_args, data_args, training_args, finetuning_args, generating_args, callbacks)
[rank0]:   File "/app/src/llamafactory/train/sft/workflow.py", line 48, in run_sft
[rank0]:     tokenizer_module = load_tokenizer(model_args)
[rank0]:                        ^^^^^^^^^^^^^^^^^^^^^^^^^^
[rank0]:   File "/app/src/llamafactory/model/loader.py", line 93, in load_tokenizer
[rank0]:     raise OSError("Failed to load tokenizer.") from e
[rank0]: OSError: Failed to load tokenizer.
[INFO|2025-11-24 01:03:58] llamafactory.hparams.parser:423 >> Process rank: 2, world size: 4, device: cuda:2, distributed training: True, compute dtype: torch.bfloat16
[INFO|2025-11-24 01:03:58] llamafactory.hparams.parser:423 >> Process rank: 1, world size: 4, device: cuda:1, distributed training: True, compute dtype: torch.bfloat16
[INFO|2025-11-24 01:03:58] llamafactory.hparams.parser:423 >> Process rank: 3, world size: 4, device: cuda:3, distributed training: True, compute dtype: torch.bfloat16
[rank2]: Traceback (most recent call last):
[rank2]:   File "/opt/conda/lib/python3.11/site-packages/transformers/utils/hub.py", line 479, in cached_files
[rank2]:     hf_hub_download(
[rank2]:   File "/opt/conda/lib/python3.11/site-packages/huggingface_hub/utils/_validators.py", line 114, in _inner_fn
[rank2]:     return fn(*args, **kwargs)
[rank2]:            ^^^^^^^^^^^^^^^^^^^
[rank2]:   File "/opt/conda/lib/python3.11/site-packages/huggingface_hub/file_download.py", line 1010, in hf_hub_download
[rank2]:     return _hf_hub_download_to_cache_dir(
[rank2]:            ^^^^^^^^^^^^^^^^^^^^^^^^^^^^^^
[rank2]:   File "/opt/conda/lib/python3.11/site-packages/huggingface_hub/file_download.py", line 1117, in _hf_hub_download_to_cache_dir
[rank2]:     _raise_on_head_call_error(head_call_error, force_download, local_files_only)
[rank2]:   File "/opt/conda/lib/python3.11/site-packages/huggingface_hub/file_download.py", line 1649, in _raise_on_head_call_error
[rank2]:     raise LocalEntryNotFoundError(
[rank2]: huggingface_hub.errors.LocalEntryNotFoundError: Cannot find the requested files in the disk cache and outgoing traffic has been disabled. To enable hf.co look-ups and downloads online, set 'local_files_only' to False.

[rank2]: The above exception was the direct cause of the following exception:

[rank2]: Traceback (most recent call last):
[rank2]:   File "/app/src/llamafactory/model/loader.py", line 78, in load_tokenizer
[rank2]:     tokenizer = AutoTokenizer.from_pretrained(
[rank2]:                 ^^^^^^^^^^^^^^^^^^^^^^^^^^^^^^
[rank2]:   File "/opt/conda/lib/python3.11/site-packages/transformers/models/auto/tokenization_auto.py", line 1093, in from_pretrained
[rank2]:     config = AutoConfig.from_pretrained(
[rank2]:              ^^^^^^^^^^^^^^^^^^^^^^^^^^^
[rank2]:   File "/opt/conda/lib/python3.11/site-packages/transformers/models/auto/configuration_auto.py", line 1333, in from_pretrained
[rank2]:     config_dict, unused_kwargs = PretrainedConfig.get_config_dict(pretrained_model_name_or_path, **kwargs)
[rank2]:                                  ^^^^^^^^^^^^^^^^^^^^^^^^^^^^^^^^^^^^^^^^^^^^^^^^^^^^^^^^^^^^^^^^^^^^^^^^^
[rank2]:   File "/opt/conda/lib/python3.11/site-packages/transformers/configuration_utils.py", line 662, in get_config_dict
[rank2]:     config_dict, kwargs = cls._get_config_dict(pretrained_model_name_or_path, **kwargs)
[rank2]:                           ^^^^^^^^^^^^^^^^^^^^^^^^^^^^^^^^^^^^^^^^^^^^^^^^^^^^^^^^^^^^^
[rank2]:   File "/opt/conda/lib/python3.11/site-packages/transformers/configuration_utils.py", line 721, in _get_config_dict
[rank2]:     resolved_config_file = cached_file(
[rank2]:                            ^^^^^^^^^^^^
[rank2]:   File "/opt/conda/lib/python3.11/site-packages/transformers/utils/hub.py", line 322, in cached_file
[rank2]:     file = cached_files(path_or_repo_id=path_or_repo_id, filenames=[filename], **kwargs)
[rank2]:            ^^^^^^^^^^^^^^^^^^^^^^^^^^^^^^^^^^^^^^^^^^^^^^^^^^^^^^^^^^^^^^^^^^^^^^^^^^^^^
[rank2]:   File "/opt/conda/lib/python3.11/site-packages/transformers/utils/hub.py", line 553, in cached_files
[rank2]:     raise OSError(
[rank2]: OSError: We couldn't connect to 'https://huggingface.co' to load the files, and couldn't find them in the cached files.
[rank2]: Check your internet connection or see how to run the library in offline mode at 'https://huggingface.co/docs/transformers/installation#offline-mode'.

[rank2]: The above exception was the direct cause of the following exception:

[rank2]: Traceback (most recent call last):
[rank2]:   File "/app/src/llamafactory/launcher.py", line 180, in <module>
[rank2]:     run_exp()
[rank2]:   File "/app/src/llamafactory/train/tuner.py", line 110, in run_exp
[rank2]:     _training_function(config={"args": args, "callbacks": callbacks})
[rank2]:   File "/app/src/llamafactory/train/tuner.py", line 72, in _training_function
[rank2]:     run_sft(model_args, data_args, training_args, finetuning_args, generating_args, callbacks)
[rank2]:   File "/app/src/llamafactory/train/sft/workflow.py", line 48, in run_sft
[rank2]:     tokenizer_module = load_tokenizer(model_args)
[rank2]:                        ^^^^^^^^^^^^^^^^^^^^^^^^^^
[rank2]:   File "/app/src/llamafactory/model/loader.py", line 93, in load_tokenizer
[rank2]:     raise OSError("Failed to load tokenizer.") from e
[rank2]: OSError: Failed to load tokenizer.
[rank1]: Traceback (most recent call last):
[rank1]:   File "/opt/conda/lib/python3.11/site-packages/transformers/utils/hub.py", line 479, in cached_files
[rank1]:     hf_hub_download(
[rank1]:   File "/opt/conda/lib/python3.11/site-packages/huggingface_hub/utils/_validators.py", line 114, in _inner_fn
[rank1]:     return fn(*args, **kwargs)
[rank1]:            ^^^^^^^^^^^^^^^^^^^
[rank1]:   File "/opt/conda/lib/python3.11/site-packages/huggingface_hub/file_download.py", line 1010, in hf_hub_download
[rank1]:     return _hf_hub_download_to_cache_dir(
[rank1]:            ^^^^^^^^^^^^^^^^^^^^^^^^^^^^^^
[rank1]:   File "/opt/conda/lib/python3.11/site-packages/huggingface_hub/file_download.py", line 1117, in _hf_hub_download_to_cache_dir
[rank1]:     _raise_on_head_call_error(head_call_error, force_download, local_files_only)
[rank1]:   File "/opt/conda/lib/python3.11/site-packages/huggingface_hub/file_download.py", line 1649, in _raise_on_head_call_error
[rank1]:     raise LocalEntryNotFoundError(
[rank1]: huggingface_hub.errors.LocalEntryNotFoundError: Cannot find the requested files in the disk cache and outgoing traffic has been disabled. To enable hf.co look-ups and downloads online, set 'local_files_only' to False.

[rank1]: The above exception was the direct cause of the following exception:

[rank1]: Traceback (most recent call last):
[rank1]:   File "/app/src/llamafactory/model/loader.py", line 78, in load_tokenizer
[rank1]:     tokenizer = AutoTokenizer.from_pretrained(
[rank1]:                 ^^^^^^^^^^^^^^^^^^^^^^^^^^^^^^
[rank1]:   File "/opt/conda/lib/python3.11/site-packages/transformers/models/auto/tokenization_auto.py", line 1093, in from_pretrained
[rank1]:     config = AutoConfig.from_pretrained(
[rank1]:              ^^^^^^^^^^^^^^^^^^^^^^^^^^^
[rank1]:   File "/opt/conda/lib/python3.11/site-packages/transformers/models/auto/configuration_auto.py", line 1333, in from_pretrained
[rank1]:     config_dict, unused_kwargs = PretrainedConfig.get_config_dict(pretrained_model_name_or_path, **kwargs)
[rank1]:                                  ^^^^^^^^^^^^^^^^^^^^^^^^^^^^^^^^^^^^^^^^^^^^^^^^^^^^^^^^^^^^^^^^^^^^^^^^^
[rank1]:   File "/opt/conda/lib/python3.11/site-packages/transformers/configuration_utils.py", line 662, in get_config_dict
[rank1]:     config_dict, kwargs = cls._get_config_dict(pretrained_model_name_or_path, **kwargs)
[rank1]:                           ^^^^^^^^^^^^^^^^^^^^^^^^^^^^^^^^^^^^^^^^^^^^^^^^^^^^^^^^^^^^^
[rank1]:   File "/opt/conda/lib/python3.11/site-packages/transformers/configuration_utils.py", line 721, in _get_config_dict
[rank1]:     resolved_config_file = cached_file(
[rank1]:                            ^^^^^^^^^^^^
[rank1]:   File "/opt/conda/lib/python3.11/site-packages/transformers/utils/hub.py", line 322, in cached_file
[rank1]:     file = cached_files(path_or_repo_id=path_or_repo_id, filenames=[filename], **kwargs)
[rank1]:            ^^^^^^^^^^^^^^^^^^^^^^^^^^^^^^^^^^^^^^^^^^^^^^^^^^^^^^^^^^^^^^^^^^^^^^^^^^^^^
[rank1]:   File "/opt/conda/lib/python3.11/site-packages/transformers/utils/hub.py", line 553, in cached_files
[rank1]:     raise OSError(
[rank1]: OSError: We couldn't connect to 'https://huggingface.co' to load the files, and couldn't find them in the cached files.
[rank1]: Check your internet connection or see how to run the library in offline mode at 'https://huggingface.co/docs/transformers/installation#offline-mode'.

[rank1]: The above exception was the direct cause of the following exception:

[rank1]: Traceback (most recent call last):
[rank1]:   File "/app/src/llamafactory/launcher.py", line 180, in <module>
[rank1]:     run_exp()
[rank1]:   File "/app/src/llamafactory/train/tuner.py", line 110, in run_exp
[rank1]:     _training_function(config={"args": args, "callbacks": callbacks})
[rank1]:   File "/app/src/llamafactory/train/tuner.py", line 72, in _training_function
[rank1]:     run_sft(model_args, data_args, training_args, finetuning_args, generating_args, callbacks)
[rank1]:   File "/app/src/llamafactory/train/sft/workflow.py", line 48, in run_sft
[rank1]:     tokenizer_module = load_tokenizer(model_args)
[rank1]:                        ^^^^^^^^^^^^^^^^^^^^^^^^^^
[rank1]:   File "/app/src/llamafactory/model/loader.py", line 93, in load_tokenizer
[rank1]:     raise OSError("Failed to load tokenizer.") from e
[rank1]: OSError: Failed to load tokenizer.
[rank3]: Traceback (most recent call last):
[rank3]:   File "/opt/conda/lib/python3.11/site-packages/transformers/utils/hub.py", line 479, in cached_files
[rank3]:     hf_hub_download(
[rank3]:   File "/opt/conda/lib/python3.11/site-packages/huggingface_hub/utils/_validators.py", line 114, in _inner_fn
[rank3]:     return fn(*args, **kwargs)
[rank3]:            ^^^^^^^^^^^^^^^^^^^
[rank3]:   File "/opt/conda/lib/python3.11/site-packages/huggingface_hub/file_download.py", line 1010, in hf_hub_download
[rank3]:     return _hf_hub_download_to_cache_dir(
[rank3]:            ^^^^^^^^^^^^^^^^^^^^^^^^^^^^^^
[rank3]:   File "/opt/conda/lib/python3.11/site-packages/huggingface_hub/file_download.py", line 1117, in _hf_hub_download_to_cache_dir
[rank3]:     _raise_on_head_call_error(head_call_error, force_download, local_files_only)
[rank3]:   File "/opt/conda/lib/python3.11/site-packages/huggingface_hub/file_download.py", line 1649, in _raise_on_head_call_error
[rank3]:     raise LocalEntryNotFoundError(
[rank3]: huggingface_hub.errors.LocalEntryNotFoundError: Cannot find the requested files in the disk cache and outgoing traffic has been disabled. To enable hf.co look-ups and downloads online, set 'local_files_only' to False.

[rank3]: The above exception was the direct cause of the following exception:

[rank3]: Traceback (most recent call last):
[rank3]:   File "/app/src/llamafactory/model/loader.py", line 78, in load_tokenizer
[rank3]:     tokenizer = AutoTokenizer.from_pretrained(
[rank3]:                 ^^^^^^^^^^^^^^^^^^^^^^^^^^^^^^
[rank3]:   File "/opt/conda/lib/python3.11/site-packages/transformers/models/auto/tokenization_auto.py", line 1093, in from_pretrained
[rank3]:     config = AutoConfig.from_pretrained(
[rank3]:              ^^^^^^^^^^^^^^^^^^^^^^^^^^^
[rank3]:   File "/opt/conda/lib/python3.11/site-packages/transformers/models/auto/configuration_auto.py", line 1333, in from_pretrained
[rank3]:     config_dict, unused_kwargs = PretrainedConfig.get_config_dict(pretrained_model_name_or_path, **kwargs)
[rank3]:                                  ^^^^^^^^^^^^^^^^^^^^^^^^^^^^^^^^^^^^^^^^^^^^^^^^^^^^^^^^^^^^^^^^^^^^^^^^^
[rank3]:   File "/opt/conda/lib/python3.11/site-packages/transformers/configuration_utils.py", line 662, in get_config_dict
[rank3]:     config_dict, kwargs = cls._get_config_dict(pretrained_model_name_or_path, **kwargs)
[rank3]:                           ^^^^^^^^^^^^^^^^^^^^^^^^^^^^^^^^^^^^^^^^^^^^^^^^^^^^^^^^^^^^^
[rank3]:   File "/opt/conda/lib/python3.11/site-packages/transformers/configuration_utils.py", line 721, in _get_config_dict
[rank3]:     resolved_config_file = cached_file(
[rank3]:                            ^^^^^^^^^^^^
[rank3]:   File "/opt/conda/lib/python3.11/site-packages/transformers/utils/hub.py", line 322, in cached_file
[rank3]:     file = cached_files(path_or_repo_id=path_or_repo_id, filenames=[filename], **kwargs)
[rank3]:            ^^^^^^^^^^^^^^^^^^^^^^^^^^^^^^^^^^^^^^^^^^^^^^^^^^^^^^^^^^^^^^^^^^^^^^^^^^^^^
[rank3]:   File "/opt/conda/lib/python3.11/site-packages/transformers/utils/hub.py", line 553, in cached_files
[rank3]:     raise OSError(
[rank3]: OSError: We couldn't connect to 'https://huggingface.co' to load the files, and couldn't find them in the cached files.
[rank3]: Check your internet connection or see how to run the library in offline mode at 'https://huggingface.co/docs/transformers/installation#offline-mode'.

[rank3]: The above exception was the direct cause of the following exception:

[rank3]: Traceback (most recent call last):
[rank3]:   File "/app/src/llamafactory/launcher.py", line 180, in <module>
[rank3]:     run_exp()
[rank3]:   File "/app/src/llamafactory/train/tuner.py", line 110, in run_exp
[rank3]:     _training_function(config={"args": args, "callbacks": callbacks})
[rank3]:   File "/app/src/llamafactory/train/tuner.py", line 72, in _training_function
[rank3]:     run_sft(model_args, data_args, training_args, finetuning_args, generating_args, callbacks)
[rank3]:   File "/app/src/llamafactory/train/sft/workflow.py", line 48, in run_sft
[rank3]:     tokenizer_module = load_tokenizer(model_args)
[rank3]:                        ^^^^^^^^^^^^^^^^^^^^^^^^^^
[rank3]:   File "/app/src/llamafactory/model/loader.py", line 93, in load_tokenizer
[rank3]:     raise OSError("Failed to load tokenizer.") from e
[rank3]: OSError: Failed to load tokenizer.
[rank0]:[W1124 01:03:58.015105910 ProcessGroupNCCL.cpp:1496] Warning: WARNING: destroy_process_group() was not called before program exit, which can leak resources. For more info, please see https://pytorch.org/docs/stable/distributed.html#shutdown (function operator())
W1124 01:04:00.727000 217612 site-packages/torch/distributed/elastic/multiprocessing/api.py:897] Sending process 217678 closing signal SIGTERM
W1124 01:04:00.727000 217612 site-packages/torch/distributed/elastic/multiprocessing/api.py:897] Sending process 217679 closing signal SIGTERM
W1124 01:04:00.727000 217612 site-packages/torch/distributed/elastic/multiprocessing/api.py:897] Sending process 217680 closing signal SIGTERM
E1124 01:04:01.291000 217612 site-packages/torch/distributed/elastic/multiprocessing/api.py:869] failed (exitcode: 1) local_rank: 0 (pid: 217677) of binary: /opt/conda/bin/python3.11
Traceback (most recent call last):
  File "/opt/conda/bin/torchrun", line 8, in <module>
    sys.exit(main())
             ^^^^^^
  File "/opt/conda/lib/python3.11/site-packages/torch/distributed/elastic/multiprocessing/errors/__init__.py", line 355, in wrapper
    return f(*args, **kwargs)
           ^^^^^^^^^^^^^^^^^^
  File "/opt/conda/lib/python3.11/site-packages/torch/distributed/run.py", line 918, in main
    run(args)
  File "/opt/conda/lib/python3.11/site-packages/torch/distributed/run.py", line 909, in run
    elastic_launch(
  File "/opt/conda/lib/python3.11/site-packages/torch/distributed/launcher/api.py", line 138, in __call__
    return launch_agent(self._config, self._entrypoint, list(args))
           ^^^^^^^^^^^^^^^^^^^^^^^^^^^^^^^^^^^^^^^^^^^^^^^^^^^^^^^^
  File "/opt/conda/lib/python3.11/site-packages/torch/distributed/launcher/api.py", line 269, in launch_agent
    raise ChildFailedError(
torch.distributed.elastic.multiprocessing.errors.ChildFailedError: 
============================================================
/app/src/llamafactory/launcher.py FAILED
------------------------------------------------------------
Failures:
  <NO_OTHER_FAILURES>
------------------------------------------------------------
Root Cause (first observed failure):
[0]:
  time      : 2025-11-24_01:04:00
  host      : trig0017.scinet.local
  rank      : 0 (local_rank: 0)
  exitcode  : 1 (pid: 217677)
  error_file: <N/A>
  traceback : To enable traceback see: https://pytorch.org/docs/stable/elastic/errors.html
============================================================
Traceback (most recent call last):
  File "/opt/conda/bin/llamafactory-cli", line 7, in <module>
    sys.exit(main())
             ^^^^^^
  File "/app/src/llamafactory/cli.py", line 24, in main
    launcher.launch()
  File "/app/src/llamafactory/launcher.py", line 110, in launch
    process = subprocess.run(
              ^^^^^^^^^^^^^^^
  File "/opt/conda/lib/python3.11/subprocess.py", line 571, in run
    raise CalledProcessError(retcode, process.args,
subprocess.CalledProcessError: Command '['torchrun', '--nnodes', '1', '--node_rank', '0', '--nproc_per_node', '4', '--master_addr', '127.0.0.1', '--master_port', '57449', '/app/src/llamafactory/launcher.py', '/scratch/indrisch/LLaMA-Factory/examples/train_lora/qwen2_5vl_lora_sft_SQA3D.yaml']' returned non-zero exit status 1.
INFO:    Cleanup error: while stopping driver for /var/lib/apptainer/mnt/session/final: fuse-overlayfs exited: fuse: reading device: Software caused connection abort

scontrol show job 101566
JobId=101566 JobName=slurm_qwen2_5vl_lora_sft_SQA3D.sh
   UserId=indrisch(3122343) GroupId=indrisch(3122343) MCS_label=N/A
   Priority=342766 Nice=0 Account=def-wangcs QOS=normal
   JobState=COMPLETING Reason=NonZeroExitCode Dependency=(null)
   Requeue=0 Restarts=0 BatchFlag=1 Reboot=0 ExitCode=1:0
   RunTime=00:07:03 TimeLimit=03:00:00 TimeMin=N/A
   SubmitTime=2025-11-23T23:41:08 EligibleTime=2025-11-23T23:41:08
   AccrueTime=2025-11-23T23:41:08
   StartTime=2025-11-24T00:56:59 EndTime=2025-11-24T01:04:02 Deadline=N/A
   SuspendTime=None SecsPreSuspend=0 LastSchedEval=2025-11-24T00:56:59 Scheduler=Main
   Partition=compute_full_node AllocNode:Sid=trig-login01:993958
   ReqNodeList=(null) ExcNodeList=(null)
   NodeList=trig0017
   BatchHost=trig0017
   NumNodes=1 NumCPUs=96 NumTasks=1 CPUs/Task=96 ReqB:S:C:T=0:0:*:*
   ReqTRES=cpu=96,mem=770000M,node=1,billing=4,gres/gpu=4
   AllocTRES=cpu=96,mem=770000M,node=1,billing=4,gres/gpu=4
   Socks/Node=* NtasksPerN:B:S:C=1:0:*:* CoreSpec=*
   MinCPUsNode=96 MinMemoryNode=770000M MinTmpDiskNode=0
   Features=(null) DelayBoot=00:00:00
   OverSubscribe=NO Contiguous=0 Licenses=(null) Network=(null)
   Command=/scratch/indrisch/LLaMA-Factory/preliminaries/qwen2_5vl_lora_sft_SQA3D/slurm_qwen2_5vl_lora_sft_SQA3D.sh
   WorkDir=/scratch/indrisch/LLaMA-Factory/preliminaries/qwen2_5vl_lora_sft_SQA3D
   Comment=/opt/slurm/bin/sbatch --export=NONE --get-user-env=L slurm_qwen2_5vl_lora_sft_SQA3D.sh 
   StdErr=/scratch/indrisch/LLaMA-Factory/preliminaries/qwen2_5vl_lora_sft_SQA3D/%N-qwen2_5vl_lora_sft_SQA3D-101566.out
   StdIn=/dev/null
   StdOut=/scratch/indrisch/LLaMA-Factory/preliminaries/qwen2_5vl_lora_sft_SQA3D/%N-qwen2_5vl_lora_sft_SQA3D-101566.out
   TresPerNode=gres/gpu:h100:4
   TresPerTask=cpu=96
   

sacct -j 101566
JobID           JobName    Account    Elapsed  MaxVMSize     MaxRSS  SystemCPU    UserCPU ExitCode 
------------ ---------- ---------- ---------- ---------- ---------- ---------- ---------- -------- 
101566       slurm_qwe+ def-wangcs   00:07:04                         00:00:00   00:00:00      0:0 
101566.batch      batch def-wangcs   00:07:04                         00:00:00   00:00:00      0:0 
101566.exte+     extern def-wangcs   00:07:04                         00:00:00   00:00:00      0:0 


kernel messages produced during job executions:
[Nov24 00:59] nfs: server 172.30.214.1 not responding, still trying
[Nov24 01:02] nfs: server 172.30.214.1 not responding, still trying
[Nov24 01:03] nfs: server 172.30.214.1 OK
[  +0.000026] nfs: server 172.30.214.1 not responding, still trying
[  +0.000034] nfs: server 172.30.214.1 not responding, still trying
[  +0.010314] nfs: server 172.30.214.1 OK
[  +0.000113] nfs: server 172.30.214.1 OK
[  +0.000115] nfs: server 172.30.214.1 OK

